<?xml version="1.0" encoding="UTF-8"?>
<testsuites>
  <testsuite name="" tests="27" assertions="50" failures="0" errors="0" time="1.553530">
    <testsuite name="WSL_Test_Components" file="C:\xampp\htdocs\hybridauth\hawp4\wp-content\plugins\wordpress-social-login\tests\test_components.php" fullPackage="WSL.Test" tests="4" assertions="4" failures="0" errors="0" time="0.023194">
      <testcase name="test_component_core_enabled" class="WSL_Test_Components" file="C:\xampp\htdocs\hybridauth\hawp4\wp-content\plugins\wordpress-social-login\tests\test_components.php" line="21" assertions="1" time="0.004397"/>
      <testcase name="test_component_networks_enabled" class="WSL_Test_Components" file="C:\xampp\htdocs\hybridauth\hawp4\wp-content\plugins\wordpress-social-login\tests\test_components.php" line="26" assertions="1" time="0.013804"/>
      <testcase name="test_component_loginwidget_enabled" class="WSL_Test_Components" file="C:\xampp\htdocs\hybridauth\hawp4\wp-content\plugins\wordpress-social-login\tests\test_components.php" line="31" assertions="1" time="0.002413"/>
      <testcase name="test_component_bouncer_enabled" class="WSL_Test_Components" file="C:\xampp\htdocs\hybridauth\hawp4\wp-content\plugins\wordpress-social-login\tests\test_components.php" line="36" assertions="1" time="0.002580"/>
    </testsuite>
    <testsuite name="WSL_Test_Globals" file="C:\xampp\htdocs\hybridauth\hawp4\wp-content\plugins\wordpress-social-login\tests\test_globals.php" fullPackage="WSL.Test" tests="4" assertions="5" failures="0" errors="0" time="0.097636">
      <testcase name="test_version" class="WSL_Test_Globals" file="C:\xampp\htdocs\hybridauth\hawp4\wp-content\plugins\wordpress-social-login\tests\test_globals.php" line="21" assertions="2" time="0.091609"/>
      <testcase name="test_providers" class="WSL_Test_Globals" file="C:\xampp\htdocs\hybridauth\hawp4\wp-content\plugins\wordpress-social-login\tests\test_globals.php" line="28" assertions="1" time="0.001538"/>
      <testcase name="test_components" class="WSL_Test_Globals" file="C:\xampp\htdocs\hybridauth\hawp4\wp-content\plugins\wordpress-social-login\tests\test_globals.php" line="35" assertions="1" time="0.002266"/>
      <testcase name="test_tabs" class="WSL_Test_Globals" file="C:\xampp\htdocs\hybridauth\hawp4\wp-content\plugins\wordpress-social-login\tests\test_globals.php" line="42" assertions="1" time="0.002223"/>
    </testsuite>
    <testsuite name="WSL_Test_Install" file="C:\xampp\htdocs\hybridauth\hawp4\wp-content\plugins\wordpress-social-login\tests\test_install.php" fullPackage="WSL.Test" tests="9" assertions="13" failures="0" errors="0" time="0.099255">
      <testcase name="test_requirements" class="WSL_Test_Install" file="C:\xampp\htdocs\hybridauth\hawp4\wp-content\plugins\wordpress-social-login\tests\test_install.php" line="21" assertions="1" time="0.011983"/>
      <testcase name="test_tables" class="WSL_Test_Install" file="C:\xampp\htdocs\hybridauth\hawp4\wp-content\plugins\wordpress-social-login\tests\test_install.php" line="26" assertions="2" time="0.012039"/>
      <testcase name="test_options_created" class="WSL_Test_Install" file="C:\xampp\htdocs\hybridauth\hawp4\wp-content\plugins\wordpress-social-login\tests\test_install.php" line="37" assertions="2" time="0.012285"/>
      <testcase name="test_registration_enabled" class="WSL_Test_Install" file="C:\xampp\htdocs\hybridauth\hawp4\wp-content\plugins\wordpress-social-login\tests\test_install.php" line="46" assertions="1" time="0.002681"/>
      <testcase name="test_authentication_enabled" class="WSL_Test_Install" file="C:\xampp\htdocs\hybridauth\hawp4\wp-content\plugins\wordpress-social-login\tests\test_install.php" line="52" assertions="1" time="0.002682"/>
      <testcase name="test_default_networks_enabled" class="WSL_Test_Install" file="C:\xampp\htdocs\hybridauth\hawp4\wp-content\plugins\wordpress-social-login\tests\test_install.php" line="58" assertions="3" time="0.003381"/>
      <testcase name="test_linking_account_disabled" class="WSL_Test_Install" file="C:\xampp\htdocs\hybridauth\hawp4\wp-content\plugins\wordpress-social-login\tests\test_install.php" line="71" assertions="1" time="0.028073"/>
      <testcase name="test_devmode_disabled" class="WSL_Test_Install" file="C:\xampp\htdocs\hybridauth\hawp4\wp-content\plugins\wordpress-social-login\tests\test_install.php" line="77" assertions="1" time="0.012478"/>
      <testcase name="test_debugmode_disabled" class="WSL_Test_Install" file="C:\xampp\htdocs\hybridauth\hawp4\wp-content\plugins\wordpress-social-login\tests\test_install.php" line="83" assertions="1" time="0.013653"/>
    </testsuite>
    <testsuite name="WSL_Test_Session" file="C:\xampp\htdocs\hybridauth\hawp4\wp-content\plugins\wordpress-social-login\tests\test_session.php" fullPackage="WSL.Test" tests="1" assertions="1" failures="0" errors="0" time="0.011657">
      <testcase name="test_wsl_version" class="WSL_Test_Session" file="C:\xampp\htdocs\hybridauth\hawp4\wp-content\plugins\wordpress-social-login\tests\test_session.php" line="21" assertions="1" time="0.011657"/>
    </testsuite>
    <testsuite name="WSL_Test_URL" file="C:\xampp\htdocs\hybridauth\hawp4\wp-content\plugins\wordpress-social-login\tests\test_url.php" fullPackage="WSL.Test" tests="2" assertions="2" failures="0" errors="0" time="0.002770">
      <testcase name="test_wsl_is_https_on" class="WSL_Test_URL" file="C:\xampp\htdocs\hybridauth\hawp4\wp-content\plugins\wordpress-social-login\tests\test_url.php" line="21" assertions="1" time="0.001582"/>
      <testcase name="test_wsl_get_current_url" class="WSL_Test_URL" file="C:\xampp\htdocs\hybridauth\hawp4\wp-content\plugins\wordpress-social-login\tests\test_url.php" line="26" assertions="1" time="0.001188"/>
    </testsuite>
    <testsuite name="WSL_Test_Users" file="C:\xampp\htdocs\hybridauth\hawp4\wp-content\plugins\wordpress-social-login\tests\test_users.php" fullPackage="WSL.Test" tests="3" assertions="14" failures="0" errors="0" time="1.298237">
      <testcase name="test_wsl_wp_email_exists" class="WSL_Test_Users" file="C:\xampp\htdocs\hybridauth\hawp4\wp-content\plugins\wordpress-social-login\tests\test_users.php" line="45" assertions="1" time="0.732696"/>
      <testcase name="test_store_user_social_profile" class="WSL_Test_Users" file="C:\xampp\htdocs\hybridauth\hawp4\wp-content\plugins\wordpress-social-login\tests\test_users.php" line="53" assertions="11" time="0.466409"/>
      <testcase name="test_delete_user_social_profile" class="WSL_Test_Users" file="C:\xampp\htdocs\hybridauth\hawp4\wp-content\plugins\wordpress-social-login\tests\test_users.php" line="84" assertions="2" time="0.099132"/>
    </testsuite>
    <testsuite name="WSL_Test_Widget" file="C:\xampp\htdocs\hybridauth\hawp4\wp-content\plugins\wordpress-social-login\tests\test_widget.php" fullPackage="WSL.Test" tests="4" assertions="11" failures="0" errors="0" time="0.020780">
      <testcase name="test_has_action" class="WSL_Test_Widget" file="C:\xampp\htdocs\hybridauth\hawp4\wp-content\plugins\wordpress-social-login\tests\test_widget.php" line="21" assertions="1" time="0.002228"/>
      <testcase name="test_shortcode_exists" class="WSL_Test_Widget" file="C:\xampp\htdocs\hybridauth\hawp4\wp-content\plugins\wordpress-social-login\tests\test_widget.php" line="27" assertions="1" time="0.001468"/>
      <testcase name="test_did_actions" class="WSL_Test_Widget" file="C:\xampp\htdocs\hybridauth\hawp4\wp-content\plugins\wordpress-social-login\tests\test_widget.php" line="33" assertions="2" time="0.009111"/>
      <testcase name="test_has_content" class="WSL_Test_Widget" file="C:\xampp\htdocs\hybridauth\hawp4\wp-content\plugins\wordpress-social-login\tests\test_widget.php" line="44" assertions="7" time="0.007973"/>
    </testsuite>
  </testsuite>
</testsuites>
